```js title=main.js
(()=>{var r={85:function(r){r.exports="aaa"}},o={};console.log(function t(e){var n=o[e];if(void 0!==n)return n.exports;var a=o[e]={exports:{}};return r[e](a,a.exports,t),a.exports}("85"))})();
```